Archive member included to satisfy reference by file (symbol)

../reloj_bsp/\libhal_bsp.a(alt_load.o)
                              ../reloj_bsp//obj/HAL/src/crt0.o (alt_load)
../reloj_bsp/\libhal_bsp.a(alt_main.o)
                              ../reloj_bsp//obj/HAL/src/crt0.o (alt_main)
../reloj_bsp/\libhal_bsp.a(alt_printf.o)
                              obj/default/hello_world_small.o (alt_printf)
../reloj_bsp/\libhal_bsp.a(alt_putchar.o)
                              ../reloj_bsp/\libhal_bsp.a(alt_printf.o) (alt_putchar)
../reloj_bsp/\libhal_bsp.a(alt_putstr.o)
                              obj/default/hello_world_small.o (alt_putstr)
../reloj_bsp/\libhal_bsp.a(alt_sys_init.o)
                              ../reloj_bsp/\libhal_bsp.a(alt_main.o) (alt_irq_init)
../reloj_bsp/\libhal_bsp.a(altera_avalon_jtag_uart_write.o)
                              ../reloj_bsp/\libhal_bsp.a(alt_putchar.o) (altera_avalon_jtag_uart_write)
../reloj_bsp/\libhal_bsp.a(alt_dcache_flush_all.o)
                              ../reloj_bsp/\libhal_bsp.a(alt_load.o) (alt_dcache_flush_all)
../reloj_bsp/\libhal_bsp.a(alt_icache_flush_all.o)
                              ../reloj_bsp/\libhal_bsp.a(alt_load.o) (alt_icache_flush_all)
../reloj_bsp/\libhal_bsp.a(altera_nios2_gen2_irq.o)
                              ../reloj_bsp/\libhal_bsp.a(alt_sys_init.o) (altera_nios2_gen2_irq_init)
c:/intelfpga_lite/18.0/nios2eds/bin/gnu/h-x86_64-mingw32/bin/../lib/gcc/nios2-elf/5.3.0/../../../../../H-x86_64-mingw32/nios2-elf/lib/mno-hw-mul\libsmallc.a(lib_a-strlen.o)
                              ../reloj_bsp/\libhal_bsp.a(alt_putstr.o) (strlen)

Memory Configuration

Name             Origin             Length             Attributes
reset            0x0000000000000000 0x0000000000000020
RAM              0x0000000000000020 0x0000000000001fe0
*default*        0x0000000000000000 0xffffffffffffffff

Linker script and memory map

LOAD ../reloj_bsp//obj/HAL/src/crt0.o
LOAD obj/default/hello_world_small.o
LOAD c:/intelfpga_lite/18.0/nios2eds/bin/gnu/h-x86_64-mingw32/bin/../lib/gcc/nios2-elf/5.3.0/../../../../../H-x86_64-mingw32/nios2-elf/lib/mno-hw-mul\libstdc++.a
LOAD c:/intelfpga_lite/18.0/nios2eds/bin/gnu/h-x86_64-mingw32/bin/../lib/gcc/nios2-elf/5.3.0/../../../../../H-x86_64-mingw32/nios2-elf/lib/mno-hw-mul\libm.a
LOAD c:/intelfpga_lite/18.0/nios2eds/bin/gnu/h-x86_64-mingw32/bin/../lib/gcc/nios2-elf/5.3.0/mno-hw-mul\libgcc.a
START GROUP
LOAD c:/intelfpga_lite/18.0/nios2eds/bin/gnu/h-x86_64-mingw32/bin/../lib/gcc/nios2-elf/5.3.0/../../../../../H-x86_64-mingw32/nios2-elf/lib/mno-hw-mul\libsmallc.a
LOAD c:/intelfpga_lite/18.0/nios2eds/bin/gnu/h-x86_64-mingw32/bin/../lib/gcc/nios2-elf/5.3.0/mno-hw-mul\libgcc.a
LOAD ../reloj_bsp/\libhal_bsp.a
LOAD c:/intelfpga_lite/18.0/nios2eds/bin/gnu/h-x86_64-mingw32/bin/../lib/gcc/nios2-elf/5.3.0/../../../../../H-x86_64-mingw32/nios2-elf/lib/mno-hw-mul\libm.a
END GROUP
LOAD c:/intelfpga_lite/18.0/nios2eds/bin/gnu/h-x86_64-mingw32/bin/../lib/gcc/nios2-elf/5.3.0/mno-hw-mul\libgcc.a
                0x0000000000000000                __alt_mem_RAM = 0x0

.entry          0x0000000000000000       0x20
 *(.entry)
 .entry         0x0000000000000000       0x20 ../reloj_bsp//obj/HAL/src/crt0.o
                0x0000000000000000                __reset
                0x000000000000000c                _exit

.exceptions     0x0000000000000020        0x0
                0x0000000000000020                PROVIDE (__ram_exceptions_start, ABSOLUTE (.))
                0x0000000000000020                . = ALIGN (0x20)
 *(.irq)
 *(.exceptions.entry.label)
 *(.exceptions.entry.user)
 *(.exceptions.entry.ecc_fatal)
 *(.exceptions.entry)
 *(.exceptions.irqtest.user)
 *(.exceptions.irqtest)
 *(.exceptions.irqhandler.user)
 *(.exceptions.irqhandler)
 *(.exceptions.irqreturn.user)
 *(.exceptions.irqreturn)
 *(.exceptions.notirq.label)
 *(.exceptions.notirq.user)
 *(.exceptions.notirq)
 *(.exceptions.soft.user)
 *(.exceptions.soft)
 *(.exceptions.unknown.user)
 *(.exceptions.unknown)
 *(.exceptions.exit.label)
 *(.exceptions.exit.user)
 *(.exceptions.exit)
 *(.exceptions)
                0x0000000000000020                PROVIDE (__ram_exceptions_end, ABSOLUTE (.))
                0x0000000000000020                PROVIDE (__flash_exceptions_start, LOADADDR (.exceptions))

.text           0x0000000000000020      0x460
                [!provide]                        PROVIDE (stext, ABSOLUTE (.))
 *(.interp)
 *(.hash)
 *(.dynsym)
 *(.dynstr)
 *(.gnu.version)
 *(.gnu.version_d)
 *(.gnu.version_r)
 *(.rel.init)
 *(.rela.init)
 *(.rel.text .rel.text.* .rel.gnu.linkonce.t.*)
 *(.rela.text .rela.text.* .rela.gnu.linkonce.t.*)
 *(.rel.fini)
 *(.rela.fini)
 *(.rel.rodata .rel.rodata.* .rel.gnu.linkonce.r.*)
 *(.rela.rodata .rela.rodata.* .rela.gnu.linkonce.r.*)
 *(.rel.data .rel.data.* .rel.gnu.linkonce.d.*)
 *(.rela.data .rela.data.* .rela.gnu.linkonce.d.*)
 *(.rel.tdata .rel.tdata.* .rel.gnu.linkonce.td.*)
 *(.rela.tdata .rela.tdata.* .rela.gnu.linkonce.td.*)
 *(.rel.tbss .rel.tbss.* .rel.gnu.linkonce.tb.*)
 *(.rela.tbss .rela.tbss.* .rela.gnu.linkonce.tb.*)
 *(.rel.ctors)
 *(.rela.ctors)
 *(.rel.dtors)
 *(.rela.dtors)
 *(.rel.got)
 *(.rela.got)
 *(.rel.sdata .rel.sdata.* .rel.gnu.linkonce.s.*)
 *(.rela.sdata .rela.sdata.* .rela.gnu.linkonce.s.*)
 *(.rel.sbss .rel.sbss.* .rel.gnu.linkonce.sb.*)
 *(.rela.sbss .rela.sbss.* .rela.gnu.linkonce.sb.*)
 *(.rel.sdata2 .rel.sdata2.* .rel.gnu.linkonce.s2.*)
 *(.rela.sdata2 .rela.sdata2.* .rela.gnu.linkonce.s2.*)
 *(.rel.sbss2 .rel.sbss2.* .rel.gnu.linkonce.sb2.*)
 *(.rela.sbss2 .rela.sbss2.* .rela.gnu.linkonce.sb2.*)
 *(.rel.bss .rel.bss.* .rel.gnu.linkonce.b.*)
 *(.rela.bss .rela.bss.* .rela.gnu.linkonce.b.*)
 *(.rel.plt)
 *(.rela.plt)
 *(.rel.dyn)
 *(.init)
 *(.plt)
 *(.text .stub .text.* .gnu.linkonce.t.*)
 .text          0x0000000000000020       0x3c ../reloj_bsp//obj/HAL/src/crt0.o
                0x0000000000000020                _start
 .text          0x000000000000005c        0x0 obj/default/hello_world_small.o
 .text.startup  0x000000000000005c       0xa4 obj/default/hello_world_small.o
                0x000000000000005c                main
 .text          0x0000000000000100       0xe0 ../reloj_bsp/\libhal_bsp.a(alt_load.o)
                0x0000000000000100                alt_load
 .text          0x00000000000001e0       0x2c ../reloj_bsp/\libhal_bsp.a(alt_main.o)
                0x00000000000001e0                alt_main
 .text          0x000000000000020c      0x170 ../reloj_bsp/\libhal_bsp.a(alt_printf.o)
                0x000000000000020c                alt_printf
 .text          0x000000000000037c       0x48 ../reloj_bsp/\libhal_bsp.a(alt_putchar.o)
                0x000000000000037c                alt_putchar
 .text          0x00000000000003c4       0x38 ../reloj_bsp/\libhal_bsp.a(alt_putstr.o)
                0x00000000000003c4                alt_putstr
 .text          0x00000000000003fc       0x24 ../reloj_bsp/\libhal_bsp.a(alt_sys_init.o)
                0x00000000000003fc                alt_irq_init
                0x000000000000041c                alt_sys_init
 .text          0x0000000000000420       0x34 ../reloj_bsp/\libhal_bsp.a(altera_avalon_jtag_uart_write.o)
                0x0000000000000420                altera_avalon_jtag_uart_write
 .text          0x0000000000000454        0x4 ../reloj_bsp/\libhal_bsp.a(alt_dcache_flush_all.o)
                0x0000000000000454                alt_dcache_flush_all
 .text          0x0000000000000458        0x4 ../reloj_bsp/\libhal_bsp.a(alt_icache_flush_all.o)
                0x0000000000000458                alt_icache_flush_all
 .text          0x000000000000045c        0x8 ../reloj_bsp/\libhal_bsp.a(altera_nios2_gen2_irq.o)
                0x000000000000045c                altera_nios2_gen2_irq_init
 .text          0x0000000000000464        0x0 c:/intelfpga_lite/18.0/nios2eds/bin/gnu/h-x86_64-mingw32/bin/../lib/gcc/nios2-elf/5.3.0/../../../../../H-x86_64-mingw32/nios2-elf/lib/mno-hw-mul\libsmallc.a(lib_a-strlen.o)
 .text.strlen   0x0000000000000464       0x1c c:/intelfpga_lite/18.0/nios2eds/bin/gnu/h-x86_64-mingw32/bin/../lib/gcc/nios2-elf/5.3.0/../../../../../H-x86_64-mingw32/nios2-elf/lib/mno-hw-mul\libsmallc.a(lib_a-strlen.o)
                0x0000000000000464                strlen
 *(.gnu.warning.*)
 *(.fini)
                [!provide]                        PROVIDE (__etext, ABSOLUTE (.))
                [!provide]                        PROVIDE (_etext, ABSOLUTE (.))
                [!provide]                        PROVIDE (etext, ABSOLUTE (.))
 *(.eh_frame_hdr)
                0x0000000000000480                . = ALIGN (0x4)
                [!provide]                        PROVIDE (__preinit_array_start, ABSOLUTE (.))
 *(.preinit_array)
                [!provide]                        PROVIDE (__preinit_array_end, ABSOLUTE (.))
                [!provide]                        PROVIDE (__init_array_start, ABSOLUTE (.))
 *(.init_array)
                [!provide]                        PROVIDE (__init_array_end, ABSOLUTE (.))
                [!provide]                        PROVIDE (__fini_array_start, ABSOLUTE (.))
 *(.fini_array)
                [!provide]                        PROVIDE (__fini_array_end, ABSOLUTE (.))
 *(.eh_frame)
 *(.gcc_except_table .gcc_except_table.*)
 *(.dynamic)
                [!provide]                        PROVIDE (__CTOR_LIST__, ABSOLUTE (.))
 *(.ctors)
 *(SORT(.ctors.*))
                [!provide]                        PROVIDE (__CTOR_END__, ABSOLUTE (.))
                [!provide]                        PROVIDE (__DTOR_LIST__, ABSOLUTE (.))
 *(.dtors)
 *(SORT(.dtors.*))
                [!provide]                        PROVIDE (__DTOR_END__, ABSOLUTE (.))
 *(.jcr)
                0x0000000000000480                . = ALIGN (0x4)

.rodata         0x0000000000000480       0x64
                0x0000000000000480                PROVIDE (__ram_rodata_start, ABSOLUTE (.))
                0x0000000000000480                . = ALIGN (0x4)
 *(.rodata .rodata.* .gnu.linkonce.r.*)
 .rodata.str1.4
                0x0000000000000480       0x64 obj/default/hello_world_small.o
                                         0x63 (size before relaxing)
 *(.rodata1)
                0x00000000000004e4                . = ALIGN (0x4)
                0x00000000000004e4                PROVIDE (__ram_rodata_end, ABSOLUTE (.))
                0x0000000000000480                PROVIDE (__flash_rodata_start, LOADADDR (.rodata))

.rwdata         0x00000000000004e4        0x4 load address 0x00000000000004e8
                0x00000000000004e4                PROVIDE (__ram_rwdata_start, ABSOLUTE (.))
                0x00000000000004e4                . = ALIGN (0x4)
 *(.got.plt)
 *(.got)
 *(.data1)
 *(.data .data.* .gnu.linkonce.d.*)
 .data          0x00000000000004e4        0x0 ../reloj_bsp//obj/HAL/src/crt0.o
 .data          0x00000000000004e4        0x0 obj/default/hello_world_small.o
 .data          0x00000000000004e4        0x0 ../reloj_bsp/\libhal_bsp.a(alt_load.o)
 .data          0x00000000000004e4        0x0 ../reloj_bsp/\libhal_bsp.a(alt_main.o)
 .data          0x00000000000004e4        0x0 ../reloj_bsp/\libhal_bsp.a(alt_printf.o)
 .data          0x00000000000004e4        0x0 ../reloj_bsp/\libhal_bsp.a(alt_putchar.o)
 .data          0x00000000000004e4        0x0 ../reloj_bsp/\libhal_bsp.a(alt_putstr.o)
 .data          0x00000000000004e4        0x0 ../reloj_bsp/\libhal_bsp.a(alt_sys_init.o)
 .data          0x00000000000004e4        0x0 ../reloj_bsp/\libhal_bsp.a(altera_avalon_jtag_uart_write.o)
 .data          0x00000000000004e4        0x0 ../reloj_bsp/\libhal_bsp.a(alt_dcache_flush_all.o)
 .data          0x00000000000004e4        0x0 ../reloj_bsp/\libhal_bsp.a(alt_icache_flush_all.o)
 .data          0x00000000000004e4        0x0 ../reloj_bsp/\libhal_bsp.a(altera_nios2_gen2_irq.o)
 .data          0x00000000000004e4        0x0 c:/intelfpga_lite/18.0/nios2eds/bin/gnu/h-x86_64-mingw32/bin/../lib/gcc/nios2-elf/5.3.0/../../../../../H-x86_64-mingw32/nios2-elf/lib/mno-hw-mul\libsmallc.a(lib_a-strlen.o)
                0x00000000000084e4                _gp = ABSOLUTE ((. + 0x8000))
                [!provide]                        PROVIDE (gp, _gp)
 *(.rwdata .rwdata.*)
 *(.sdata .sdata.* .gnu.linkonce.s.*)
 .sdata         0x00000000000004e4        0x4 ../reloj_bsp/\libhal_bsp.a(alt_sys_init.o)
                0x00000000000004e4                UART
 *(.sdata2 .sdata2.* .gnu.linkonce.s2.*)
                0x00000000000004e8                . = ALIGN (0x4)
                0x00000000000004e8                _edata = ABSOLUTE (.)
                [!provide]                        PROVIDE (edata, ABSOLUTE (.))
                0x00000000000004e8                PROVIDE (__ram_rwdata_end, ABSOLUTE (.))
                0x00000000000004e8                PROVIDE (__flash_rwdata_start, LOADADDR (.rwdata))

.bss            0x00000000000004ec        0xc
                0x00000000000004ec                __bss_start = ABSOLUTE (.)
                [!provide]                        PROVIDE (__sbss_start, ABSOLUTE (.))
                [!provide]                        PROVIDE (___sbss_start, ABSOLUTE (.))
 *(.dynsbss)
 *(.sbss .sbss.* .gnu.linkonce.sb.*)
 .sbss          0x00000000000004ec        0xc ../reloj_bsp/\libhal_bsp.a(alt_main.o)
                0x00000000000004ec                alt_envp
                0x00000000000004f0                alt_argv
                0x00000000000004f4                alt_argc
 *(.sbss2 .sbss2.* .gnu.linkonce.sb2.*)
 *(.scommon)
                [!provide]                        PROVIDE (__sbss_end, ABSOLUTE (.))
                [!provide]                        PROVIDE (___sbss_end, ABSOLUTE (.))
 *(.dynbss)
 *(.bss .bss.* .gnu.linkonce.b.*)
 .bss           0x00000000000004f8        0x0 ../reloj_bsp//obj/HAL/src/crt0.o
 .bss           0x00000000000004f8        0x0 obj/default/hello_world_small.o
 .bss           0x00000000000004f8        0x0 ../reloj_bsp/\libhal_bsp.a(alt_load.o)
 .bss           0x00000000000004f8        0x0 ../reloj_bsp/\libhal_bsp.a(alt_main.o)
 .bss           0x00000000000004f8        0x0 ../reloj_bsp/\libhal_bsp.a(alt_printf.o)
 .bss           0x00000000000004f8        0x0 ../reloj_bsp/\libhal_bsp.a(alt_putchar.o)
 .bss           0x00000000000004f8        0x0 ../reloj_bsp/\libhal_bsp.a(alt_putstr.o)
 .bss           0x00000000000004f8        0x0 ../reloj_bsp/\libhal_bsp.a(alt_sys_init.o)
 .bss           0x00000000000004f8        0x0 ../reloj_bsp/\libhal_bsp.a(altera_avalon_jtag_uart_write.o)
 .bss           0x00000000000004f8        0x0 ../reloj_bsp/\libhal_bsp.a(alt_dcache_flush_all.o)
 .bss           0x00000000000004f8        0x0 ../reloj_bsp/\libhal_bsp.a(alt_icache_flush_all.o)
 .bss           0x00000000000004f8        0x0 ../reloj_bsp/\libhal_bsp.a(altera_nios2_gen2_irq.o)
 .bss           0x00000000000004f8        0x0 c:/intelfpga_lite/18.0/nios2eds/bin/gnu/h-x86_64-mingw32/bin/../lib/gcc/nios2-elf/5.3.0/../../../../../H-x86_64-mingw32/nios2-elf/lib/mno-hw-mul\libsmallc.a(lib_a-strlen.o)
 *(COMMON)
                0x00000000000004f8                . = ALIGN (0x4)
                0x00000000000004f8                __bss_end = ABSOLUTE (.)

.RAM            0x00000000000004f8        0x0
                [!provide]                        PROVIDE (_alt_partition_RAM_start, ABSOLUTE (.))
 *(.RAM .RAM. RAM.*)
                0x00000000000004f8                . = ALIGN (0x4)
                [!provide]                        PROVIDE (_alt_partition_RAM_end, ABSOLUTE (.))
                0x00000000000004f8                _end = ABSOLUTE (.)
                0x00000000000004f8                end = ABSOLUTE (.)
                0x00000000000004f8                __alt_stack_base = ABSOLUTE (.)
                [!provide]                        PROVIDE (_alt_partition_RAM_load_addr, LOADADDR (.RAM))

.stab
 *(.stab)

.stabstr
 *(.stabstr)

.stab.excl
 *(.stab.excl)

.stab.exclstr
 *(.stab.exclstr)

.stab.index
 *(.stab.index)

.stab.indexstr
 *(.stab.indexstr)

.comment        0x0000000000000000       0x23
 *(.comment)
 .comment       0x0000000000000000       0x23 obj/default/hello_world_small.o
                                         0x24 (size before relaxing)
 .comment       0x0000000000000023       0x24 ../reloj_bsp/\libhal_bsp.a(alt_load.o)
 .comment       0x0000000000000023       0x24 ../reloj_bsp/\libhal_bsp.a(alt_main.o)
 .comment       0x0000000000000023       0x24 ../reloj_bsp/\libhal_bsp.a(alt_printf.o)
 .comment       0x0000000000000023       0x24 ../reloj_bsp/\libhal_bsp.a(alt_putchar.o)
 .comment       0x0000000000000023       0x24 ../reloj_bsp/\libhal_bsp.a(alt_putstr.o)
 .comment       0x0000000000000023       0x24 ../reloj_bsp/\libhal_bsp.a(alt_sys_init.o)
 .comment       0x0000000000000023       0x24 ../reloj_bsp/\libhal_bsp.a(altera_avalon_jtag_uart_write.o)
 .comment       0x0000000000000023       0x24 ../reloj_bsp/\libhal_bsp.a(alt_dcache_flush_all.o)
 .comment       0x0000000000000023       0x24 ../reloj_bsp/\libhal_bsp.a(alt_icache_flush_all.o)
 .comment       0x0000000000000023       0x24 ../reloj_bsp/\libhal_bsp.a(altera_nios2_gen2_irq.o)
 .comment       0x0000000000000023       0x24 c:/intelfpga_lite/18.0/nios2eds/bin/gnu/h-x86_64-mingw32/bin/../lib/gcc/nios2-elf/5.3.0/../../../../../H-x86_64-mingw32/nios2-elf/lib/mno-hw-mul\libsmallc.a(lib_a-strlen.o)

.debug
 *(.debug)

.line
 *(.line)

.debug_srcinfo
 *(.debug_srcinfo)

.debug_sfnames
 *(.debug_sfnames)

.debug_aranges  0x0000000000000000      0x1a8
 *(.debug_aranges)
 .debug_aranges
                0x0000000000000000       0x28 ../reloj_bsp//obj/HAL/src/crt0.o
 .debug_aranges
                0x0000000000000028       0x20 obj/default/hello_world_small.o
 .debug_aranges
                0x0000000000000048       0x20 ../reloj_bsp/\libhal_bsp.a(alt_load.o)
 .debug_aranges
                0x0000000000000068       0x20 ../reloj_bsp/\libhal_bsp.a(alt_main.o)
 .debug_aranges
                0x0000000000000088       0x20 ../reloj_bsp/\libhal_bsp.a(alt_printf.o)
 .debug_aranges
                0x00000000000000a8       0x20 ../reloj_bsp/\libhal_bsp.a(alt_putchar.o)
 .debug_aranges
                0x00000000000000c8       0x20 ../reloj_bsp/\libhal_bsp.a(alt_putstr.o)
 .debug_aranges
                0x00000000000000e8       0x20 ../reloj_bsp/\libhal_bsp.a(alt_sys_init.o)
 .debug_aranges
                0x0000000000000108       0x20 ../reloj_bsp/\libhal_bsp.a(altera_avalon_jtag_uart_write.o)
 .debug_aranges
                0x0000000000000128       0x20 ../reloj_bsp/\libhal_bsp.a(alt_dcache_flush_all.o)
 .debug_aranges
                0x0000000000000148       0x20 ../reloj_bsp/\libhal_bsp.a(alt_icache_flush_all.o)
 .debug_aranges
                0x0000000000000168       0x20 ../reloj_bsp/\libhal_bsp.a(altera_nios2_gen2_irq.o)
 .debug_aranges
                0x0000000000000188       0x20 c:/intelfpga_lite/18.0/nios2eds/bin/gnu/h-x86_64-mingw32/bin/../lib/gcc/nios2-elf/5.3.0/../../../../../H-x86_64-mingw32/nios2-elf/lib/mno-hw-mul\libsmallc.a(lib_a-strlen.o)

.debug_pubnames
 *(.debug_pubnames)

.debug_info     0x0000000000000000      0xe23
 *(.debug_info .gnu.linkonce.wi.*)
 .debug_info    0x0000000000000000       0x76 ../reloj_bsp//obj/HAL/src/crt0.o
 .debug_info    0x0000000000000076      0x117 obj/default/hello_world_small.o
 .debug_info    0x000000000000018d      0x1c9 ../reloj_bsp/\libhal_bsp.a(alt_load.o)
 .debug_info    0x0000000000000356      0x169 ../reloj_bsp/\libhal_bsp.a(alt_main.o)
 .debug_info    0x00000000000004bf      0x14d ../reloj_bsp/\libhal_bsp.a(alt_printf.o)
 .debug_info    0x000000000000060c      0x12a ../reloj_bsp/\libhal_bsp.a(alt_putchar.o)
 .debug_info    0x0000000000000736      0x13a ../reloj_bsp/\libhal_bsp.a(alt_putstr.o)
 .debug_info    0x0000000000000870      0x19d ../reloj_bsp/\libhal_bsp.a(alt_sys_init.o)
 .debug_info    0x0000000000000a0d      0x197 ../reloj_bsp/\libhal_bsp.a(altera_avalon_jtag_uart_write.o)
 .debug_info    0x0000000000000ba4       0x92 ../reloj_bsp/\libhal_bsp.a(alt_dcache_flush_all.o)
 .debug_info    0x0000000000000c36       0x92 ../reloj_bsp/\libhal_bsp.a(alt_icache_flush_all.o)
 .debug_info    0x0000000000000cc8       0x92 ../reloj_bsp/\libhal_bsp.a(altera_nios2_gen2_irq.o)
 .debug_info    0x0000000000000d5a       0xc9 c:/intelfpga_lite/18.0/nios2eds/bin/gnu/h-x86_64-mingw32/bin/../lib/gcc/nios2-elf/5.3.0/../../../../../H-x86_64-mingw32/nios2-elf/lib/mno-hw-mul\libsmallc.a(lib_a-strlen.o)

.debug_abbrev   0x0000000000000000      0x821
 *(.debug_abbrev)
 .debug_abbrev  0x0000000000000000       0x12 ../reloj_bsp//obj/HAL/src/crt0.o
 .debug_abbrev  0x0000000000000012       0xa7 obj/default/hello_world_small.o
 .debug_abbrev  0x00000000000000b9       0xd8 ../reloj_bsp/\libhal_bsp.a(alt_load.o)
 .debug_abbrev  0x0000000000000191       0xee ../reloj_bsp/\libhal_bsp.a(alt_main.o)
 .debug_abbrev  0x000000000000027f       0xd5 ../reloj_bsp/\libhal_bsp.a(alt_printf.o)
 .debug_abbrev  0x0000000000000354       0xd2 ../reloj_bsp/\libhal_bsp.a(alt_putchar.o)
 .debug_abbrev  0x0000000000000426       0xd3 ../reloj_bsp/\libhal_bsp.a(alt_putstr.o)
 .debug_abbrev  0x00000000000004f9      0x10e ../reloj_bsp/\libhal_bsp.a(alt_sys_init.o)
 .debug_abbrev  0x0000000000000607       0xd5 ../reloj_bsp/\libhal_bsp.a(altera_avalon_jtag_uart_write.o)
 .debug_abbrev  0x00000000000006dc       0x42 ../reloj_bsp/\libhal_bsp.a(alt_dcache_flush_all.o)
 .debug_abbrev  0x000000000000071e       0x42 ../reloj_bsp/\libhal_bsp.a(alt_icache_flush_all.o)
 .debug_abbrev  0x0000000000000760       0x42 ../reloj_bsp/\libhal_bsp.a(altera_nios2_gen2_irq.o)
 .debug_abbrev  0x00000000000007a2       0x7f c:/intelfpga_lite/18.0/nios2eds/bin/gnu/h-x86_64-mingw32/bin/../lib/gcc/nios2-elf/5.3.0/../../../../../H-x86_64-mingw32/nios2-elf/lib/mno-hw-mul\libsmallc.a(lib_a-strlen.o)

.debug_line     0x0000000000000000      0x8b0
 *(.debug_line)
 .debug_line    0x0000000000000000       0x66 ../reloj_bsp//obj/HAL/src/crt0.o
 .debug_line    0x0000000000000066       0x90 obj/default/hello_world_small.o
 .debug_line    0x00000000000000f6       0xa4 ../reloj_bsp/\libhal_bsp.a(alt_load.o)
 .debug_line    0x000000000000019a       0xbd ../reloj_bsp/\libhal_bsp.a(alt_main.o)
 .debug_line    0x0000000000000257      0x112 ../reloj_bsp/\libhal_bsp.a(alt_printf.o)
 .debug_line    0x0000000000000369       0x55 ../reloj_bsp/\libhal_bsp.a(alt_putchar.o)
 .debug_line    0x00000000000003be       0xa0 ../reloj_bsp/\libhal_bsp.a(alt_putstr.o)
 .debug_line    0x000000000000045e      0x11a ../reloj_bsp/\libhal_bsp.a(alt_sys_init.o)
 .debug_line    0x0000000000000578       0xf0 ../reloj_bsp/\libhal_bsp.a(altera_avalon_jtag_uart_write.o)
 .debug_line    0x0000000000000668       0x4e ../reloj_bsp/\libhal_bsp.a(alt_dcache_flush_all.o)
 .debug_line    0x00000000000006b6       0x4e ../reloj_bsp/\libhal_bsp.a(alt_icache_flush_all.o)
 .debug_line    0x0000000000000704       0x50 ../reloj_bsp/\libhal_bsp.a(altera_nios2_gen2_irq.o)
 .debug_line    0x0000000000000754      0x15c c:/intelfpga_lite/18.0/nios2eds/bin/gnu/h-x86_64-mingw32/bin/../lib/gcc/nios2-elf/5.3.0/../../../../../H-x86_64-mingw32/nios2-elf/lib/mno-hw-mul\libsmallc.a(lib_a-strlen.o)

.debug_frame    0x0000000000000000      0x21c
 *(.debug_frame)
 .debug_frame   0x0000000000000000       0x30 obj/default/hello_world_small.o
 .debug_frame   0x0000000000000030       0x30 ../reloj_bsp/\libhal_bsp.a(alt_load.o)
 .debug_frame   0x0000000000000060       0x2c ../reloj_bsp/\libhal_bsp.a(alt_main.o)
 .debug_frame   0x000000000000008c       0x54 ../reloj_bsp/\libhal_bsp.a(alt_printf.o)
 .debug_frame   0x00000000000000e0       0x30 ../reloj_bsp/\libhal_bsp.a(alt_putchar.o)
 .debug_frame   0x0000000000000110       0x30 ../reloj_bsp/\libhal_bsp.a(alt_putstr.o)
 .debug_frame   0x0000000000000140       0x3c ../reloj_bsp/\libhal_bsp.a(alt_sys_init.o)
 .debug_frame   0x000000000000017c       0x20 ../reloj_bsp/\libhal_bsp.a(altera_avalon_jtag_uart_write.o)
 .debug_frame   0x000000000000019c       0x20 ../reloj_bsp/\libhal_bsp.a(alt_dcache_flush_all.o)
 .debug_frame   0x00000000000001bc       0x20 ../reloj_bsp/\libhal_bsp.a(alt_icache_flush_all.o)
 .debug_frame   0x00000000000001dc       0x20 ../reloj_bsp/\libhal_bsp.a(altera_nios2_gen2_irq.o)
 .debug_frame   0x00000000000001fc       0x20 c:/intelfpga_lite/18.0/nios2eds/bin/gnu/h-x86_64-mingw32/bin/../lib/gcc/nios2-elf/5.3.0/../../../../../H-x86_64-mingw32/nios2-elf/lib/mno-hw-mul\libsmallc.a(lib_a-strlen.o)

.debug_str      0x0000000000000000      0x6af
 *(.debug_str)
 .debug_str     0x0000000000000000      0x100 obj/default/hello_world_small.o
                                        0x112 (size before relaxing)
 .debug_str     0x0000000000000100      0x1c2 ../reloj_bsp/\libhal_bsp.a(alt_load.o)
                                        0x244 (size before relaxing)
 .debug_str     0x00000000000002c2       0x8f ../reloj_bsp/\libhal_bsp.a(alt_main.o)
                                        0x1bd (size before relaxing)
 .debug_str     0x0000000000000351       0x59 ../reloj_bsp/\libhal_bsp.a(alt_printf.o)
                                        0x10e (size before relaxing)
 .debug_str     0x00000000000003aa       0x59 ../reloj_bsp/\libhal_bsp.a(alt_putchar.o)
                                        0x18e (size before relaxing)
 .debug_str     0x0000000000000403       0x1c ../reloj_bsp/\libhal_bsp.a(alt_putstr.o)
                                        0x193 (size before relaxing)
 .debug_str     0x000000000000041f       0xb9 ../reloj_bsp/\libhal_bsp.a(alt_sys_init.o)
                                        0x25f (size before relaxing)
 .debug_str     0x00000000000004d8       0x3f ../reloj_bsp/\libhal_bsp.a(altera_avalon_jtag_uart_write.o)
                                        0x21d (size before relaxing)
 .debug_str     0x0000000000000517       0x1f ../reloj_bsp/\libhal_bsp.a(alt_dcache_flush_all.o)
                                        0x15d (size before relaxing)
 .debug_str     0x0000000000000536       0x1f ../reloj_bsp/\libhal_bsp.a(alt_icache_flush_all.o)
                                        0x15d (size before relaxing)
 .debug_str     0x0000000000000555       0x20 ../reloj_bsp/\libhal_bsp.a(altera_nios2_gen2_irq.o)
                                        0x164 (size before relaxing)
 .debug_str     0x0000000000000575      0x13a c:/intelfpga_lite/18.0/nios2eds/bin/gnu/h-x86_64-mingw32/bin/../lib/gcc/nios2-elf/5.3.0/../../../../../H-x86_64-mingw32/nios2-elf/lib/mno-hw-mul\libsmallc.a(lib_a-strlen.o)
                                        0x1e5 (size before relaxing)

.debug_loc      0x0000000000000000      0x32a
 *(.debug_loc)
 .debug_loc     0x0000000000000000       0x1f obj/default/hello_world_small.o
 .debug_loc     0x000000000000001f      0x1de ../reloj_bsp/\libhal_bsp.a(alt_printf.o)
 .debug_loc     0x00000000000001fd       0x2c ../reloj_bsp/\libhal_bsp.a(alt_putchar.o)
 .debug_loc     0x0000000000000229       0x37 ../reloj_bsp/\libhal_bsp.a(alt_putstr.o)
 .debug_loc     0x0000000000000260       0x21 ../reloj_bsp/\libhal_bsp.a(alt_sys_init.o)
 .debug_loc     0x0000000000000281       0x8b ../reloj_bsp/\libhal_bsp.a(altera_avalon_jtag_uart_write.o)
 .debug_loc     0x000000000000030c       0x1e c:/intelfpga_lite/18.0/nios2eds/bin/gnu/h-x86_64-mingw32/bin/../lib/gcc/nios2-elf/5.3.0/../../../../../H-x86_64-mingw32/nios2-elf/lib/mno-hw-mul\libsmallc.a(lib_a-strlen.o)

.debug_macinfo
 *(.debug_macinfo)

.debug_weaknames
 *(.debug_weaknames)

.debug_funcnames
 *(.debug_funcnames)

.debug_typenames
 *(.debug_typenames)

.debug_varnames
 *(.debug_varnames)

.debug_alt_sim_info
                0x0000000000000000       0x10
 *(.debug_alt_sim_info)
 .debug_alt_sim_info
                0x0000000000000000       0x10 ../reloj_bsp//obj/HAL/src/crt0.o
                0x0000000000002000                __alt_data_end = 0x2000
                0x0000000000002000                PROVIDE (__alt_stack_pointer, __alt_data_end)
                [!provide]                        PROVIDE (__alt_stack_limit, __alt_stack_base)
                [!provide]                        PROVIDE (__alt_heap_start, end)
                [!provide]                        PROVIDE (__alt_heap_limit, 0x2000)
OUTPUT(reloj.elf elf32-littlenios2)

.debug_ranges   0x0000000000000000       0xa0
 .debug_ranges  0x0000000000000000       0x20 ../reloj_bsp//obj/HAL/src/crt0.o
 .debug_ranges  0x0000000000000020       0x10 obj/default/hello_world_small.o
 .debug_ranges  0x0000000000000030       0x48 ../reloj_bsp/\libhal_bsp.a(alt_load.o)
 .debug_ranges  0x0000000000000078       0x18 ../reloj_bsp/\libhal_bsp.a(alt_printf.o)
 .debug_ranges  0x0000000000000090       0x10 c:/intelfpga_lite/18.0/nios2eds/bin/gnu/h-x86_64-mingw32/bin/../lib/gcc/nios2-elf/5.3.0/../../../../../H-x86_64-mingw32/nios2-elf/lib/mno-hw-mul\libsmallc.a(lib_a-strlen.o)
