Assembler report for Reloj
Sun Jun 22 21:55:46 2025
Quartus Prime Version 18.1.1 Build 646 04/11/2019 SJ Lite Edition


---------------------
; Table of Contents ;
---------------------
  1. Legal Notice
  2. Assembler Summary
  3. Assembler Settings
  4. Assembler Encrypted IP Cores Summary
  5. Assembler Generated Files
  6. Assembler Device Options: C:/TEC/2025/Quartus/Reloj/Reloj.sof
  7. Assembler Messages



----------------
; Legal Notice ;
----------------
Copyright (C) 2019  Intel Corporation. All rights reserved.
Your use of Intel Corporation's design tools, logic functions 
and other software and tools, and any partner logic 
functions, and any output files from any of the foregoing 
(including device programming or simulation files), and any 
associated documentation or information are expressly subject 
to the terms and conditions of the Intel Program License 
Subscription Agreement, the Intel Quartus Prime License Agreement,
the Intel FPGA IP License Agreement, or other applicable license
agreement, including, without limitation, that your use is for
the sole purpose of programming logic devices manufactured by
Intel and sold by Intel or its authorized distributors.  Please
refer to the applicable agreement for further details, at
https://fpgasoftware.intel.com/eula.



+---------------------------------------------------------------+
; Assembler Summary                                             ;
+-----------------------+---------------------------------------+
; Assembler Status      ; Successful - Sun Jun 22 21:55:46 2025 ;
; Revision Name         ; Reloj                                 ;
; Top-level Entity Name ; reloj_soc                             ;
; Family                ; Cyclone V                             ;
; Device                ; 5CSXFC6D6F31C6                        ;
+-----------------------+---------------------------------------+


+----------------------------------+
; Assembler Settings               ;
+--------+---------+---------------+
; Option ; Setting ; Default Value ;
+--------+---------+---------------+


+------------------------------------------------+
; Assembler Encrypted IP Cores Summary           ;
+--------+------------------------+--------------+
; Vendor ; IP Core Name           ; License Type ;
+--------+------------------------+--------------+
; Altera ; Signal Tap (6AF7 BCE1) ; Licensed     ;
; Altera ; Signal Tap (6AF7 BCEC) ; Licensed     ;
+--------+------------------------+--------------+


+-------------------------------------+
; Assembler Generated Files           ;
+-------------------------------------+
; File Name                           ;
+-------------------------------------+
; C:/TEC/2025/Quartus/Reloj/Reloj.sof ;
+-------------------------------------+


+---------------------------------------------------------------+
; Assembler Device Options: C:/TEC/2025/Quartus/Reloj/Reloj.sof ;
+----------------+----------------------------------------------+
; Option         ; Setting                                      ;
+----------------+----------------------------------------------+
; JTAG usercode  ; 0x013CEF0E                                   ;
; Checksum       ; 0x013CEF0E                                   ;
+----------------+----------------------------------------------+


+--------------------+
; Assembler Messages ;
+--------------------+
Info: *******************************************************************
Info: Running Quartus Prime Assembler
    Info: Version 18.1.1 Build 646 04/11/2019 SJ Lite Edition
    Info: Processing started: Sun Jun 22 21:55:30 2025
Info: Command: quartus_asm --read_settings_files=off --write_settings_files=off Reloj -c Reloj
Warning (18236): Number of processors has not been specified which may cause overloading on shared machines.  Set the global assignment NUM_PARALLEL_PROCESSORS in your QSF to an appropriate value for best performance.
Info (115030): Assembler is generating device programming files
Info (11878): Hard Processor Subsystem configuration has not changed and a Preloader software update is not required
Info: Quartus Prime Assembler was successful. 0 errors, 1 warning
    Info: Peak virtual memory: 4906 megabytes
    Info: Processing ended: Sun Jun 22 21:55:46 2025
    Info: Elapsed time: 00:00:16
    Info: Total CPU time (on all processors): 00:00:14


