Flow report for Reloj
Mon May 26 21:25:01 2025
Quartus Prime Version 18.1.0 Build 625 09/12/2018 SJ Lite Edition


---------------------
; Table of Contents ;
---------------------
  1. Legal Notice
  2. Flow Summary
  3. Flow Settings
  4. Flow Non-Default Global Settings
  5. Flow Elapsed Time
  6. Flow OS Summary
  7. Flow Log
  8. Flow Messages
  9. Flow Suppressed Messages



----------------
; Legal Notice ;
----------------
Copyright (C) 2018  Intel Corporation. All rights reserved.
Your use of Intel Corporation's design tools, logic functions 
and other software and tools, and its AMPP partner logic 
functions, and any output files from any of the foregoing 
(including device programming or simulation files), and any 
associated documentation or information are expressly subject 
to the terms and conditions of the Intel Program License 
Subscription Agreement, the Intel Quartus Prime License Agreement,
the Intel FPGA IP License Agreement, or other applicable license
agreement, including, without limitation, that your use is for
the sole purpose of programming logic devices manufactured by
Intel and sold by Intel or its authorized distributors.  Please
refer to the applicable agreement for further details.



+-------------------------------------------------------------------------------+
; Flow Summary                                                                  ;
+---------------------------------+---------------------------------------------+
; Flow Status                     ; Successful - Mon May 26 21:25:01 2025       ;
; Quartus Prime Version           ; 18.1.0 Build 625 09/12/2018 SJ Lite Edition ;
; Revision Name                   ; Reloj                                       ;
; Top-level Entity Name           ; soc_top                                     ;
; Family                          ; Cyclone V                                   ;
; Device                          ; 5CSTFD5D5F31I7                              ;
; Timing Models                   ; Final                                       ;
; Logic utilization (in ALMs)     ; 762 / 32,070 ( 2 % )                        ;
; Total registers                 ; 1104                                        ;
; Total pins                      ; 18 / 499 ( 4 % )                            ;
; Total virtual pins              ; 0                                           ;
; Total block memory bits         ; 76,800 / 4,065,280 ( 2 % )                  ;
; Total DSP Blocks                ; 0 / 87 ( 0 % )                              ;
; Total HSSI RX PCSs              ; 0 / 9 ( 0 % )                               ;
; Total HSSI PMA RX Deserializers ; 0 / 9 ( 0 % )                               ;
; Total HSSI TX PCSs              ; 0 / 9 ( 0 % )                               ;
; Total HSSI PMA TX Serializers   ; 0 / 9 ( 0 % )                               ;
; Total PLLs                      ; 0 / 15 ( 0 % )                              ;
; Total DLLs                      ; 0 / 4 ( 0 % )                               ;
+---------------------------------+---------------------------------------------+


+-----------------------------------------+
; Flow Settings                           ;
+-------------------+---------------------+
; Option            ; Setting             ;
+-------------------+---------------------+
; Start date & time ; 05/26/2025 21:23:25 ;
; Main task         ; Compilation         ;
; Revision Name     ; Reloj               ;
+-------------------+---------------------+


+--------------------------------------------------------------------------------------------------------------------------------------------------+
; Flow Non-Default Global Settings                                                                                                                 ;
+-------------------------------------+-------------------------------------------------------------+---------------+-------------+----------------+
; Assignment Name                     ; Value                                                       ; Default Value ; Entity Name ; Section Id     ;
+-------------------------------------+-------------------------------------------------------------+---------------+-------------+----------------+
; COMPILER_SIGNATURE_ID               ; 246337685012443.174831620549561                             ; --            ; --          ; --             ;
; EDA_OUTPUT_DATA_FORMAT              ; Systemverilog Hdl                                           ; --            ; --          ; eda_simulation ;
; EDA_SIMULATION_TOOL                 ; ModelSim-Altera (SystemVerilog)                             ; <None>        ; --          ; --             ;
; MAX_CORE_JUNCTION_TEMP              ; 100                                                         ; --            ; --          ; --             ;
; MIN_CORE_JUNCTION_TEMP              ; -40                                                         ; --            ; --          ; --             ;
; MISC_FILE                           ; reloj_soc/synthesis/../reloj_soc.cmp                        ; --            ; --          ; --             ;
; MISC_FILE                           ; reloj_soc/synthesis/../../reloj_soc.qsys                    ; --            ; --          ; --             ;
; PARTITION_COLOR                     ; -- (Not supported for targeted family)                      ; --            ; soc_top     ; Top            ;
; PARTITION_FITTER_PRESERVATION_LEVEL ; -- (Not supported for targeted family)                      ; --            ; soc_top     ; Top            ;
; PARTITION_NETLIST_TYPE              ; -- (Not supported for targeted family)                      ; --            ; soc_top     ; Top            ;
; POWER_BOARD_THERMAL_MODEL           ; None (CONSERVATIVE)                                         ; --            ; --          ; --             ;
; POWER_PRESET_COOLING_SOLUTION       ; 23 MM HEAT SINK WITH 200 LFPM AIRFLOW                       ; --            ; --          ; --             ;
; SLD_FILE                            ; reloj_soc/synthesis/reloj_soc.regmap                        ; --            ; --          ; --             ;
; SLD_FILE                            ; reloj_soc/synthesis/reloj_soc.debuginfo                     ; --            ; --          ; --             ;
; SLD_INFO                            ; QSYS_NAME reloj_soc HAS_SOPCINFO 1 GENERATION_ID 1748313028 ; --            ; reloj_soc   ; --             ;
; SOPCINFO_FILE                       ; reloj_soc/synthesis/../../reloj_soc.sopcinfo                ; --            ; --          ; --             ;
; SYNTHESIS_ONLY_QIP                  ; On                                                          ; --            ; --          ; --             ;
; TOP_LEVEL_ENTITY                    ; soc_top                                                     ; Reloj         ; --          ; --             ;
+-------------------------------------+-------------------------------------------------------------+---------------+-------------+----------------+


+--------------------------------------------------------------------------------------------------------------------------+
; Flow Elapsed Time                                                                                                        ;
+----------------------+--------------+-------------------------+---------------------+------------------------------------+
; Module Name          ; Elapsed Time ; Average Processors Used ; Peak Virtual Memory ; Total CPU Time (on all processors) ;
+----------------------+--------------+-------------------------+---------------------+------------------------------------+
; Analysis & Synthesis ; 00:00:25     ; 1.0                     ; 1175 MB             ; 00:00:54                           ;
; Fitter               ; 00:00:51     ; 1.2                     ; 2785 MB             ; 00:03:02                           ;
; Assembler            ; 00:00:07     ; 1.0                     ; 963 MB              ; 00:00:06                           ;
; Timing Analyzer      ; 00:00:06     ; 2.0                     ; 1304 MB             ; 00:00:10                           ;
; EDA Netlist Writer   ; 00:00:02     ; 1.0                     ; 1138 MB             ; 00:00:02                           ;
; Total                ; 00:01:31     ; --                      ; --                  ; 00:04:14                           ;
+----------------------+--------------+-------------------------+---------------------+------------------------------------+


+----------------------------------------------------------------------------------------------------+
; Flow OS Summary                                                                                    ;
+----------------------+------------------+--------------------+--------------------+----------------+
; Module Name          ; Machine Hostname ; OS Name            ; OS Version         ; Processor type ;
+----------------------+------------------+--------------------+--------------------+----------------+
; Analysis & Synthesis ; archlinux        ; \S{PRETTY_NAME} \r ; \S{PRETTY_NAME} \r ; x86_64         ;
; Fitter               ; archlinux        ; \S{PRETTY_NAME} \r ; \S{PRETTY_NAME} \r ; x86_64         ;
; Assembler            ; archlinux        ; \S{PRETTY_NAME} \r ; \S{PRETTY_NAME} \r ; x86_64         ;
; Timing Analyzer      ; archlinux        ; \S{PRETTY_NAME} \r ; \S{PRETTY_NAME} \r ; x86_64         ;
; EDA Netlist Writer   ; archlinux        ; \S{PRETTY_NAME} \r ; \S{PRETTY_NAME} \r ; x86_64         ;
+----------------------+------------------+--------------------+--------------------+----------------+


------------
; Flow Log ;
------------
quartus_map --read_settings_files=on --write_settings_files=off Reloj -c Reloj
quartus_fit --read_settings_files=off --write_settings_files=off Reloj -c Reloj
quartus_asm --read_settings_files=off --write_settings_files=off Reloj -c Reloj
quartus_sta Reloj -c Reloj
quartus_eda --read_settings_files=off --write_settings_files=off Reloj -c Reloj



