15:33:48 **** Build of configuration Nios II for project MTL2_bsp ****
make all 
[BSP build complete]

15:33:49 Build Finished (took 717ms)

15:33:56 **** Build of configuration Nios II for project MTL2 ****
make all 
Info: Building ../MTL2_bsp/
C:/intelFPGA_lite/18.1/nios2eds/bin/gnu/H-x86_64-mingw32/bin/make --no-print-directory -C ../MTL2_bsp/
[BSP build complete]
Info: Compiling hello_world.c to obj/default/hello_world.o
nios2-elf-gcc -xc -MP -MMD -c -I../MTL2_bsp//HAL/inc -I../MTL2_bsp/ -I../MTL2_bsp//drivers/inc  -pipe -D__hal__ -DALT_NO_INSTRUCTION_EMULATION -DALT_SINGLE_THREADED    -O2 -g -Wall   -mno-hw-div -mno-hw-mul -mno-hw-mulx -mgpopt=global  -o obj/default/hello_world.o hello_world.c
Info: Linking MTL2.elf
nios2-elf-g++  -T'../MTL2_bsp//linker.x' -msys-crt0='../MTL2_bsp//obj/HAL/src/crt0.o' -msys-lib=hal_bsp -L../MTL2_bsp/   -Wl,-Map=MTL2.map   -O2 -g -Wall   -mno-hw-div -mno-hw-mul -mno-hw-mulx -mgpopt=global  -o MTL2.elf obj/default/hello_world.o -lm -msys-lib=m
nios2-elf-insert MTL2.elf --thread_model hal --cpu_name NIOSII --qsys true --simulation_enabled false --stderr_dev JTAG_UART --stdin_dev JTAG_UART --stdout_dev JTAG_UART --sopc_system_name MTL2 --quartus_project_dir "C:/Users/katharsis/Documents/GitHub/CE1113-Proyecto2/MTL2" --jdi ../..//output_files/MTL2.jdi --sopcinfo C:/Users/katharsis/Documents/GitHub/CE1113-Proyecto2/MTL2/software/MTL2_bsp/../../MTL2.sopcinfo
Info: (MTL2.elf) 27 KBytes program size (code + initialized data).
Info:            29 KBytes free for stack + heap.
Info: Creating MTL2.objdump
nios2-elf-objdump --disassemble --syms --all-header --source MTL2.elf >MTL2.objdump
[MTL2 build complete]
15:33:58 **** Incremental Build of configuration Nios II for project MTL2 ****
make all 
Info: Building ../MTL2_bsp/
C:/intelFPGA_lite/18.1/nios2eds/bin/gnu/H-x86_64-mingw32/bin/make --no-print-directory -C ../MTL2_bsp/
[BSP build complete]
[MTL2 build complete]
15:37:29 **** Build of configuration Nios II for project MTL2 ****
make all 
Info: Building ../MTL2_bsp/
C:/intelFPGA_lite/18.1/nios2eds/bin/gnu/H-x86_64-mingw32/bin/make --no-print-directory -C ../MTL2_bsp/
[BSP build complete]
Info: Compiling hello_world.c to obj/default/hello_world.o
nios2-elf-gcc -xc -MP -MMD -c -I../MTL2_bsp//HAL/inc -I../MTL2_bsp/ -I../MTL2_bsp//drivers/inc  -pipe -D__hal__ -DALT_NO_INSTRUCTION_EMULATION -DALT_SINGLE_THREADED    -O2 -g -Wall   -mno-hw-div -mno-hw-mul -mno-hw-mulx -mgpopt=global  -o obj/default/hello_world.o hello_world.c
Info: Linking MTL2.elf
nios2-elf-g++  -T'../MTL2_bsp//linker.x' -msys-crt0='../MTL2_bsp//obj/HAL/src/crt0.o' -msys-lib=hal_bsp -L../MTL2_bsp/   -Wl,-Map=MTL2.map   -O2 -g -Wall   -mno-hw-div -mno-hw-mul -mno-hw-mulx -mgpopt=global  -o MTL2.elf obj/default/hello_world.o -lm -msys-lib=m
nios2-elf-insert MTL2.elf --thread_model hal --cpu_name NIOSII --qsys true --simulation_enabled false --stderr_dev JTAG_UART --stdin_dev JTAG_UART --stdout_dev JTAG_UART --sopc_system_name MTL2 --quartus_project_dir "C:/Users/katharsis/Documents/GitHub/CE1113-Proyecto2/MTL2" --jdi ../..//output_files/MTL2.jdi --sopcinfo C:/Users/katharsis/Documents/GitHub/CE1113-Proyecto2/MTL2/software/MTL2_bsp/../../MTL2.sopcinfo
Info: (MTL2.elf) 27 KBytes program size (code + initialized data).
Info:            29 KBytes free for stack + heap.
Info: Creating MTL2.objdump
nios2-elf-objdump --disassemble --syms --all-header --source MTL2.elf >MTL2.objdump
[MTL2 build complete]
15:37:31 **** Incremental Build of configuration Nios II for project MTL2 ****
make all 
Info: Building ../MTL2_bsp/
C:/intelFPGA_lite/18.1/nios2eds/bin/gnu/H-x86_64-mingw32/bin/make --no-print-directory -C ../MTL2_bsp/
[BSP build complete]
[MTL2 build complete]
16:16:59 **** Incremental Build of configuration Nios II for project MTL2 ****
make all 
Info: Building ../MTL2_bsp/
C:/intelFPGA_lite/18.1/nios2eds/bin/gnu/H-x86_64-mingw32/bin/make --no-print-directory -C ../MTL2_bsp/
[BSP build complete]
Info: Compiling hello_world.c to obj/default/hello_world.o
nios2-elf-gcc -xc -MP -MMD -c -I../MTL2_bsp//HAL/inc -I../MTL2_bsp/ -I../MTL2_bsp//drivers/inc  -pipe -D__hal__ -DALT_NO_INSTRUCTION_EMULATION -DALT_SINGLE_THREADED    -O2 -g -Wall   -mno-hw-div -mno-hw-mul -mno-hw-mulx -mgpopt=global  -o obj/default/hello_world.o hello_world.c
Info: Linking MTL2.elf
nios2-elf-g++  -T'../MTL2_bsp//linker.x' -msys-crt0='../MTL2_bsp//obj/HAL/src/crt0.o' -msys-lib=hal_bsp -L../MTL2_bsp/   -Wl,-Map=MTL2.map   -O2 -g -Wall   -mno-hw-div -mno-hw-mul -mno-hw-mulx -mgpopt=global  -o MTL2.elf obj/default/hello_world.o -lm -msys-lib=m
nios2-elf-insert MTL2.elf --thread_model hal --cpu_name NIOSII --qsys true --simulation_enabled false --stderr_dev JTAG_UART --stdin_dev JTAG_UART --stdout_dev JTAG_UART --sopc_system_name MTL2 --quartus_project_dir "C:/Users/katharsis/Documents/GitHub/CE1113-Proyecto2/MTL2" --jdi ../..//output_files/MTL2.jdi --sopcinfo C:/Users/katharsis/Documents/GitHub/CE1113-Proyecto2/MTL2/software/MTL2_bsp/../../MTL2.sopcinfo
Info: (MTL2.elf) 27 KBytes program size (code + initialized data).
Info:            29 KBytes free for stack + heap.
Info: Creating MTL2.objdump
nios2-elf-objdump --disassemble --syms --all-header --source MTL2.elf >MTL2.objdump
[MTL2 build complete]
16:17:20 **** Incremental Build of configuration Nios II for project MTL2 ****
make all 
Info: Building ../MTL2_bsp/
C:/intelFPGA_lite/18.1/nios2eds/bin/gnu/H-x86_64-mingw32/bin/make --no-print-directory -C ../MTL2_bsp/
[BSP build complete]
Info: Compiling hello_world.c to obj/default/hello_world.o
nios2-elf-gcc -xc -MP -MMD -c -I../MTL2_bsp//HAL/inc -I../MTL2_bsp/ -I../MTL2_bsp//drivers/inc  -pipe -D__hal__ -DALT_NO_INSTRUCTION_EMULATION -DALT_SINGLE_THREADED    -O2 -g -Wall   -mno-hw-div -mno-hw-mul -mno-hw-mulx -mgpopt=global  -o obj/default/hello_world.o hello_world.c
Info: Linking MTL2.elf
nios2-elf-g++  -T'../MTL2_bsp//linker.x' -msys-crt0='../MTL2_bsp//obj/HAL/src/crt0.o' -msys-lib=hal_bsp -L../MTL2_bsp/   -Wl,-Map=MTL2.map   -O2 -g -Wall   -mno-hw-div -mno-hw-mul -mno-hw-mulx -mgpopt=global  -o MTL2.elf obj/default/hello_world.o -lm -msys-lib=m
nios2-elf-insert MTL2.elf --thread_model hal --cpu_name NIOSII --qsys true --simulation_enabled false --stderr_dev JTAG_UART --stdin_dev JTAG_UART --stdout_dev JTAG_UART --sopc_system_name MTL2 --quartus_project_dir "C:/Users/katharsis/Documents/GitHub/CE1113-Proyecto2/MTL2" --jdi ../..//output_files/MTL2.jdi --sopcinfo C:/Users/katharsis/Documents/GitHub/CE1113-Proyecto2/MTL2/software/MTL2_bsp/../../MTL2.sopcinfo
Info: (MTL2.elf) 27 KBytes program size (code + initialized data).
Info:            29 KBytes free for stack + heap.
Info: Creating MTL2.objdump
nios2-elf-objdump --disassemble --syms --all-header --source MTL2.elf >MTL2.objdump
[MTL2 build complete]
16:17:57 **** Incremental Build of configuration Nios II for project MTL2 ****
make all 
Info: Building ../MTL2_bsp/
C:/intelFPGA_lite/18.1/nios2eds/bin/gnu/H-x86_64-mingw32/bin/make --no-print-directory -C ../MTL2_bsp/
[BSP build complete]
Info: Compiling hello_world.c to obj/default/hello_world.o
nios2-elf-gcc -xc -MP -MMD -c -I../MTL2_bsp//HAL/inc -I../MTL2_bsp/ -I../MTL2_bsp//drivers/inc  -pipe -D__hal__ -DALT_NO_INSTRUCTION_EMULATION -DALT_SINGLE_THREADED    -O2 -g -Wall   -mno-hw-div -mno-hw-mul -mno-hw-mulx -mgpopt=global  -o obj/default/hello_world.o hello_world.c
Info: Linking MTL2.elf
nios2-elf-g++  -T'../MTL2_bsp//linker.x' -msys-crt0='../MTL2_bsp//obj/HAL/src/crt0.o' -msys-lib=hal_bsp -L../MTL2_bsp/   -Wl,-Map=MTL2.map   -O2 -g -Wall   -mno-hw-div -mno-hw-mul -mno-hw-mulx -mgpopt=global  -o MTL2.elf obj/default/hello_world.o -lm -msys-lib=m
nios2-elf-insert MTL2.elf --thread_model hal --cpu_name NIOSII --qsys true --simulation_enabled false --stderr_dev JTAG_UART --stdin_dev JTAG_UART --stdout_dev JTAG_UART --sopc_system_name MTL2 --quartus_project_dir "C:/Users/katharsis/Documents/GitHub/CE1113-Proyecto2/MTL2" --jdi ../..//output_files/MTL2.jdi --sopcinfo C:/Users/katharsis/Documents/GitHub/CE1113-Proyecto2/MTL2/software/MTL2_bsp/../../MTL2.sopcinfo
Info: (MTL2.elf) 27 KBytes program size (code + initialized data).
Info:            29 KBytes free for stack + heap.
Info: Creating MTL2.objdump
nios2-elf-objdump --disassemble --syms --all-header --source MTL2.elf >MTL2.objdump
[MTL2 build complete]
16:18:18 **** Incremental Build of configuration Nios II for project MTL2 ****
make all 
Info: Building ../MTL2_bsp/
C:/intelFPGA_lite/18.1/nios2eds/bin/gnu/H-x86_64-mingw32/bin/make --no-print-directory -C ../MTL2_bsp/
[BSP build complete]
Info: Compiling hello_world.c to obj/default/hello_world.o
nios2-elf-gcc -xc -MP -MMD -c -I../MTL2_bsp//HAL/inc -I../MTL2_bsp/ -I../MTL2_bsp//drivers/inc  -pipe -D__hal__ -DALT_NO_INSTRUCTION_EMULATION -DALT_SINGLE_THREADED    -O2 -g -Wall   -mno-hw-div -mno-hw-mul -mno-hw-mulx -mgpopt=global  -o obj/default/hello_world.o hello_world.c
Info: Linking MTL2.elf
nios2-elf-g++  -T'../MTL2_bsp//linker.x' -msys-crt0='../MTL2_bsp//obj/HAL/src/crt0.o' -msys-lib=hal_bsp -L../MTL2_bsp/   -Wl,-Map=MTL2.map   -O2 -g -Wall   -mno-hw-div -mno-hw-mul -mno-hw-mulx -mgpopt=global  -o MTL2.elf obj/default/hello_world.o -lm -msys-lib=m
nios2-elf-insert MTL2.elf --thread_model hal --cpu_name NIOSII --qsys true --simulation_enabled false --stderr_dev JTAG_UART --stdin_dev JTAG_UART --stdout_dev JTAG_UART --sopc_system_name MTL2 --quartus_project_dir "C:/Users/katharsis/Documents/GitHub/CE1113-Proyecto2/MTL2" --jdi ../..//output_files/MTL2.jdi --sopcinfo C:/Users/katharsis/Documents/GitHub/CE1113-Proyecto2/MTL2/software/MTL2_bsp/../../MTL2.sopcinfo
Info: (MTL2.elf) 27 KBytes program size (code + initialized data).
Info:            29 KBytes free for stack + heap.
Info: Creating MTL2.objdump
nios2-elf-objdump --disassemble --syms --all-header --source MTL2.elf >MTL2.objdump
[MTL2 build complete]
16:18:48 **** Incremental Build of configuration Nios II for project MTL2 ****
make all 
Info: Building ../MTL2_bsp/
C:/intelFPGA_lite/18.1/nios2eds/bin/gnu/H-x86_64-mingw32/bin/make --no-print-directory -C ../MTL2_bsp/
[BSP build complete]
Info: Compiling hello_world.c to obj/default/hello_world.o
nios2-elf-gcc -xc -MP -MMD -c -I../MTL2_bsp//HAL/inc -I../MTL2_bsp/ -I../MTL2_bsp//drivers/inc  -pipe -D__hal__ -DALT_NO_INSTRUCTION_EMULATION -DALT_SINGLE_THREADED    -O2 -g -Wall   -mno-hw-div -mno-hw-mul -mno-hw-mulx -mgpopt=global  -o obj/default/hello_world.o hello_world.c
Info: Linking MTL2.elf
nios2-elf-g++  -T'../MTL2_bsp//linker.x' -msys-crt0='../MTL2_bsp//obj/HAL/src/crt0.o' -msys-lib=hal_bsp -L../MTL2_bsp/   -Wl,-Map=MTL2.map   -O2 -g -Wall   -mno-hw-div -mno-hw-mul -mno-hw-mulx -mgpopt=global  -o MTL2.elf obj/default/hello_world.o -lm -msys-lib=m
nios2-elf-insert MTL2.elf --thread_model hal --cpu_name NIOSII --qsys true --simulation_enabled false --stderr_dev JTAG_UART --stdin_dev JTAG_UART --stdout_dev JTAG_UART --sopc_system_name MTL2 --quartus_project_dir "C:/Users/katharsis/Documents/GitHub/CE1113-Proyecto2/MTL2" --jdi ../..//output_files/MTL2.jdi --sopcinfo C:/Users/katharsis/Documents/GitHub/CE1113-Proyecto2/MTL2/software/MTL2_bsp/../../MTL2.sopcinfo
Info: (MTL2.elf) 27 KBytes program size (code + initialized data).
Info:            29 KBytes free for stack + heap.
Info: Creating MTL2.objdump
nios2-elf-objdump --disassemble --syms --all-header --source MTL2.elf >MTL2.objdump
[MTL2 build complete]
16:19:19 **** Incremental Build of configuration Nios II for project MTL2 ****
make all 
Info: Building ../MTL2_bsp/
C:/intelFPGA_lite/18.1/nios2eds/bin/gnu/H-x86_64-mingw32/bin/make --no-print-directory -C ../MTL2_bsp/
[BSP build complete]
Info: Compiling hello_world.c to obj/default/hello_world.o
nios2-elf-gcc -xc -MP -MMD -c -I../MTL2_bsp//HAL/inc -I../MTL2_bsp/ -I../MTL2_bsp//drivers/inc  -pipe -D__hal__ -DALT_NO_INSTRUCTION_EMULATION -DALT_SINGLE_THREADED    -O2 -g -Wall   -mno-hw-div -mno-hw-mul -mno-hw-mulx -mgpopt=global  -o obj/default/hello_world.o hello_world.c
Info: Linking MTL2.elf
nios2-elf-g++  -T'../MTL2_bsp//linker.x' -msys-crt0='../MTL2_bsp//obj/HAL/src/crt0.o' -msys-lib=hal_bsp -L../MTL2_bsp/   -Wl,-Map=MTL2.map   -O2 -g -Wall   -mno-hw-div -mno-hw-mul -mno-hw-mulx -mgpopt=global  -o MTL2.elf obj/default/hello_world.o -lm -msys-lib=m
nios2-elf-insert MTL2.elf --thread_model hal --cpu_name NIOSII --qsys true --simulation_enabled false --stderr_dev JTAG_UART --stdin_dev JTAG_UART --stdout_dev JTAG_UART --sopc_system_name MTL2 --quartus_project_dir "C:/Users/katharsis/Documents/GitHub/CE1113-Proyecto2/MTL2" --jdi ../..//output_files/MTL2.jdi --sopcinfo C:/Users/katharsis/Documents/GitHub/CE1113-Proyecto2/MTL2/software/MTL2_bsp/../../MTL2.sopcinfo
Info: (MTL2.elf) 27 KBytes program size (code + initialized data).
Info:            29 KBytes free for stack + heap.
Info: Creating MTL2.objdump
nios2-elf-objdump --disassemble --syms --all-header --source MTL2.elf >MTL2.objdump
[MTL2 build complete]
16:19:40 **** Incremental Build of configuration Nios II for project MTL2 ****
make all 
Info: Building ../MTL2_bsp/
C:/intelFPGA_lite/18.1/nios2eds/bin/gnu/H-x86_64-mingw32/bin/make --no-print-directory -C ../MTL2_bsp/
[BSP build complete]
Info: Compiling hello_world.c to obj/default/hello_world.o
nios2-elf-gcc -xc -MP -MMD -c -I../MTL2_bsp//HAL/inc -I../MTL2_bsp/ -I../MTL2_bsp//drivers/inc  -pipe -D__hal__ -DALT_NO_INSTRUCTION_EMULATION -DALT_SINGLE_THREADED    -O2 -g -Wall   -mno-hw-div -mno-hw-mul -mno-hw-mulx -mgpopt=global  -o obj/default/hello_world.o hello_world.c
Info: Linking MTL2.elf
nios2-elf-g++  -T'../MTL2_bsp//linker.x' -msys-crt0='../MTL2_bsp//obj/HAL/src/crt0.o' -msys-lib=hal_bsp -L../MTL2_bsp/   -Wl,-Map=MTL2.map   -O2 -g -Wall   -mno-hw-div -mno-hw-mul -mno-hw-mulx -mgpopt=global  -o MTL2.elf obj/default/hello_world.o -lm -msys-lib=m
nios2-elf-insert MTL2.elf --thread_model hal --cpu_name NIOSII --qsys true --simulation_enabled false --stderr_dev JTAG_UART --stdin_dev JTAG_UART --stdout_dev JTAG_UART --sopc_system_name MTL2 --quartus_project_dir "C:/Users/katharsis/Documents/GitHub/CE1113-Proyecto2/MTL2" --jdi ../..//output_files/MTL2.jdi --sopcinfo C:/Users/katharsis/Documents/GitHub/CE1113-Proyecto2/MTL2/software/MTL2_bsp/../../MTL2.sopcinfo
Info: (MTL2.elf) 27 KBytes program size (code + initialized data).
Info:            29 KBytes free for stack + heap.
Info: Creating MTL2.objdump
nios2-elf-objdump --disassemble --syms --all-header --source MTL2.elf >MTL2.objdump
[MTL2 build complete]
16:19:53 **** Incremental Build of configuration Nios II for project MTL2 ****
make all 
Info: Building ../MTL2_bsp/
C:/intelFPGA_lite/18.1/nios2eds/bin/gnu/H-x86_64-mingw32/bin/make --no-print-directory -C ../MTL2_bsp/
[BSP build complete]
Info: Compiling hello_world.c to obj/default/hello_world.o
nios2-elf-gcc -xc -MP -MMD -c -I../MTL2_bsp//HAL/inc -I../MTL2_bsp/ -I../MTL2_bsp//drivers/inc  -pipe -D__hal__ -DALT_NO_INSTRUCTION_EMULATION -DALT_SINGLE_THREADED    -O2 -g -Wall   -mno-hw-div -mno-hw-mul -mno-hw-mulx -mgpopt=global  -o obj/default/hello_world.o hello_world.c
Info: Linking MTL2.elf
nios2-elf-g++  -T'../MTL2_bsp//linker.x' -msys-crt0='../MTL2_bsp//obj/HAL/src/crt0.o' -msys-lib=hal_bsp -L../MTL2_bsp/   -Wl,-Map=MTL2.map   -O2 -g -Wall   -mno-hw-div -mno-hw-mul -mno-hw-mulx -mgpopt=global  -o MTL2.elf obj/default/hello_world.o -lm -msys-lib=m
nios2-elf-insert MTL2.elf --thread_model hal --cpu_name NIOSII --qsys true --simulation_enabled false --stderr_dev JTAG_UART --stdin_dev JTAG_UART --stdout_dev JTAG_UART --sopc_system_name MTL2 --quartus_project_dir "C:/Users/katharsis/Documents/GitHub/CE1113-Proyecto2/MTL2" --jdi ../..//output_files/MTL2.jdi --sopcinfo C:/Users/katharsis/Documents/GitHub/CE1113-Proyecto2/MTL2/software/MTL2_bsp/../../MTL2.sopcinfo
Info: (MTL2.elf) 27 KBytes program size (code + initialized data).
Info:            29 KBytes free for stack + heap.
Info: Creating MTL2.objdump
nios2-elf-objdump --disassemble --syms --all-header --source MTL2.elf >MTL2.objdump
[MTL2 build complete]
16:20:18 **** Incremental Build of configuration Nios II for project MTL2 ****
make all 
Info: Building ../MTL2_bsp/
C:/intelFPGA_lite/18.1/nios2eds/bin/gnu/H-x86_64-mingw32/bin/make --no-print-directory -C ../MTL2_bsp/
[BSP build complete]
Info: Compiling hello_world.c to obj/default/hello_world.o
nios2-elf-gcc -xc -MP -MMD -c -I../MTL2_bsp//HAL/inc -I../MTL2_bsp/ -I../MTL2_bsp//drivers/inc  -pipe -D__hal__ -DALT_NO_INSTRUCTION_EMULATION -DALT_SINGLE_THREADED    -O2 -g -Wall   -mno-hw-div -mno-hw-mul -mno-hw-mulx -mgpopt=global  -o obj/default/hello_world.o hello_world.c
Info: Linking MTL2.elf
nios2-elf-g++  -T'../MTL2_bsp//linker.x' -msys-crt0='../MTL2_bsp//obj/HAL/src/crt0.o' -msys-lib=hal_bsp -L../MTL2_bsp/   -Wl,-Map=MTL2.map   -O2 -g -Wall   -mno-hw-div -mno-hw-mul -mno-hw-mulx -mgpopt=global  -o MTL2.elf obj/default/hello_world.o -lm -msys-lib=m
nios2-elf-insert MTL2.elf --thread_model hal --cpu_name NIOSII --qsys true --simulation_enabled false --stderr_dev JTAG_UART --stdin_dev JTAG_UART --stdout_dev JTAG_UART --sopc_system_name MTL2 --quartus_project_dir "C:/Users/katharsis/Documents/GitHub/CE1113-Proyecto2/MTL2" --jdi ../..//output_files/MTL2.jdi --sopcinfo C:/Users/katharsis/Documents/GitHub/CE1113-Proyecto2/MTL2/software/MTL2_bsp/../../MTL2.sopcinfo
Info: (MTL2.elf) 27 KBytes program size (code + initialized data).
Info:            29 KBytes free for stack + heap.
Info: Creating MTL2.objdump
nios2-elf-objdump --disassemble --syms --all-header --source MTL2.elf >MTL2.objdump
[MTL2 build complete]
16:20:32 **** Incremental Build of configuration Nios II for project MTL2 ****
make all 
Info: Building ../MTL2_bsp/
C:/intelFPGA_lite/18.1/nios2eds/bin/gnu/H-x86_64-mingw32/bin/make --no-print-directory -C ../MTL2_bsp/
[BSP build complete]
Info: Compiling hello_world.c to obj/default/hello_world.o
nios2-elf-gcc -xc -MP -MMD -c -I../MTL2_bsp//HAL/inc -I../MTL2_bsp/ -I../MTL2_bsp//drivers/inc  -pipe -D__hal__ -DALT_NO_INSTRUCTION_EMULATION -DALT_SINGLE_THREADED    -O2 -g -Wall   -mno-hw-div -mno-hw-mul -mno-hw-mulx -mgpopt=global  -o obj/default/hello_world.o hello_world.c
Info: Linking MTL2.elf
nios2-elf-g++  -T'../MTL2_bsp//linker.x' -msys-crt0='../MTL2_bsp//obj/HAL/src/crt0.o' -msys-lib=hal_bsp -L../MTL2_bsp/   -Wl,-Map=MTL2.map   -O2 -g -Wall   -mno-hw-div -mno-hw-mul -mno-hw-mulx -mgpopt=global  -o MTL2.elf obj/default/hello_world.o -lm -msys-lib=m
nios2-elf-insert MTL2.elf --thread_model hal --cpu_name NIOSII --qsys true --simulation_enabled false --stderr_dev JTAG_UART --stdin_dev JTAG_UART --stdout_dev JTAG_UART --sopc_system_name MTL2 --quartus_project_dir "C:/Users/katharsis/Documents/GitHub/CE1113-Proyecto2/MTL2" --jdi ../..//output_files/MTL2.jdi --sopcinfo C:/Users/katharsis/Documents/GitHub/CE1113-Proyecto2/MTL2/software/MTL2_bsp/../../MTL2.sopcinfo
Info: (MTL2.elf) 27 KBytes program size (code + initialized data).
Info:            29 KBytes free for stack + heap.
Info: Creating MTL2.objdump
nios2-elf-objdump --disassemble --syms --all-header --source MTL2.elf >MTL2.objdump
[MTL2 build complete]
16:20:55 **** Incremental Build of configuration Nios II for project MTL2 ****
make all 
Info: Building ../MTL2_bsp/
C:/intelFPGA_lite/18.1/nios2eds/bin/gnu/H-x86_64-mingw32/bin/make --no-print-directory -C ../MTL2_bsp/
[BSP build complete]
Info: Compiling hello_world.c to obj/default/hello_world.o
nios2-elf-gcc -xc -MP -MMD -c -I../MTL2_bsp//HAL/inc -I../MTL2_bsp/ -I../MTL2_bsp//drivers/inc  -pipe -D__hal__ -DALT_NO_INSTRUCTION_EMULATION -DALT_SINGLE_THREADED    -O2 -g -Wall   -mno-hw-div -mno-hw-mul -mno-hw-mulx -mgpopt=global  -o obj/default/hello_world.o hello_world.c
Info: Linking MTL2.elf
nios2-elf-g++  -T'../MTL2_bsp//linker.x' -msys-crt0='../MTL2_bsp//obj/HAL/src/crt0.o' -msys-lib=hal_bsp -L../MTL2_bsp/   -Wl,-Map=MTL2.map   -O2 -g -Wall   -mno-hw-div -mno-hw-mul -mno-hw-mulx -mgpopt=global  -o MTL2.elf obj/default/hello_world.o -lm -msys-lib=m
nios2-elf-insert MTL2.elf --thread_model hal --cpu_name NIOSII --qsys true --simulation_enabled false --stderr_dev JTAG_UART --stdin_dev JTAG_UART --stdout_dev JTAG_UART --sopc_system_name MTL2 --quartus_project_dir "C:/Users/katharsis/Documents/GitHub/CE1113-Proyecto2/MTL2" --jdi ../..//output_files/MTL2.jdi --sopcinfo C:/Users/katharsis/Documents/GitHub/CE1113-Proyecto2/MTL2/software/MTL2_bsp/../../MTL2.sopcinfo
Info: (MTL2.elf) 27 KBytes program size (code + initialized data).
Info:            29 KBytes free for stack + heap.
Info: Creating MTL2.objdump
nios2-elf-objdump --disassemble --syms --all-header --source MTL2.elf >MTL2.objdump
[MTL2 build complete]
16:22:53 **** Incremental Build of configuration Nios II for project MTL2 ****
make all 
Info: Building ../MTL2_bsp/
C:/intelFPGA_lite/18.1/nios2eds/bin/gnu/H-x86_64-mingw32/bin/make --no-print-directory -C ../MTL2_bsp/
[BSP build complete]
Info: Compiling hello_world.c to obj/default/hello_world.o
nios2-elf-gcc -xc -MP -MMD -c -I../MTL2_bsp//HAL/inc -I../MTL2_bsp/ -I../MTL2_bsp//drivers/inc  -pipe -D__hal__ -DALT_NO_INSTRUCTION_EMULATION -DALT_SINGLE_THREADED    -O2 -g -Wall   -mno-hw-div -mno-hw-mul -mno-hw-mulx -mgpopt=global  -o obj/default/hello_world.o hello_world.c
Info: Linking MTL2.elf
nios2-elf-g++  -T'../MTL2_bsp//linker.x' -msys-crt0='../MTL2_bsp//obj/HAL/src/crt0.o' -msys-lib=hal_bsp -L../MTL2_bsp/   -Wl,-Map=MTL2.map   -O2 -g -Wall   -mno-hw-div -mno-hw-mul -mno-hw-mulx -mgpopt=global  -o MTL2.elf obj/default/hello_world.o -lm -msys-lib=m
nios2-elf-insert MTL2.elf --thread_model hal --cpu_name NIOSII --qsys true --simulation_enabled false --stderr_dev JTAG_UART --stdin_dev JTAG_UART --stdout_dev JTAG_UART --sopc_system_name MTL2 --quartus_project_dir "C:/Users/katharsis/Documents/GitHub/CE1113-Proyecto2/MTL2" --jdi ../..//output_files/MTL2.jdi --sopcinfo C:/Users/katharsis/Documents/GitHub/CE1113-Proyecto2/MTL2/software/MTL2_bsp/../../MTL2.sopcinfo
Info: (MTL2.elf) 27 KBytes program size (code + initialized data).
Info:            29 KBytes free for stack + heap.
Info: Creating MTL2.objdump
nios2-elf-objdump --disassemble --syms --all-header --source MTL2.elf >MTL2.objdump
[MTL2 build complete]
16:23:18 **** Incremental Build of configuration Nios II for project MTL2 ****
make all 
Info: Building ../MTL2_bsp/
C:/intelFPGA_lite/18.1/nios2eds/bin/gnu/H-x86_64-mingw32/bin/make --no-print-directory -C ../MTL2_bsp/
[BSP build complete]
Info: Compiling hello_world.c to obj/default/hello_world.o
nios2-elf-gcc -xc -MP -MMD -c -I../MTL2_bsp//HAL/inc -I../MTL2_bsp/ -I../MTL2_bsp//drivers/inc  -pipe -D__hal__ -DALT_NO_INSTRUCTION_EMULATION -DALT_SINGLE_THREADED    -O2 -g -Wall   -mno-hw-div -mno-hw-mul -mno-hw-mulx -mgpopt=global  -o obj/default/hello_world.o hello_world.c
Info: Linking MTL2.elf
nios2-elf-g++  -T'../MTL2_bsp//linker.x' -msys-crt0='../MTL2_bsp//obj/HAL/src/crt0.o' -msys-lib=hal_bsp -L../MTL2_bsp/   -Wl,-Map=MTL2.map   -O2 -g -Wall   -mno-hw-div -mno-hw-mul -mno-hw-mulx -mgpopt=global  -o MTL2.elf obj/default/hello_world.o -lm -msys-lib=m
nios2-elf-insert MTL2.elf --thread_model hal --cpu_name NIOSII --qsys true --simulation_enabled false --stderr_dev JTAG_UART --stdin_dev JTAG_UART --stdout_dev JTAG_UART --sopc_system_name MTL2 --quartus_project_dir "C:/Users/katharsis/Documents/GitHub/CE1113-Proyecto2/MTL2" --jdi ../..//output_files/MTL2.jdi --sopcinfo C:/Users/katharsis/Documents/GitHub/CE1113-Proyecto2/MTL2/software/MTL2_bsp/../../MTL2.sopcinfo
Info: (MTL2.elf) 27 KBytes program size (code + initialized data).
Info:            29 KBytes free for stack + heap.
Info: Creating MTL2.objdump
nios2-elf-objdump --disassemble --syms --all-header --source MTL2.elf >MTL2.objdump
[MTL2 build complete]
16:24:07 **** Incremental Build of configuration Nios II for project MTL2 ****
make all 
Info: Building ../MTL2_bsp/
C:/intelFPGA_lite/18.1/nios2eds/bin/gnu/H-x86_64-mingw32/bin/make --no-print-directory -C ../MTL2_bsp/
[BSP build complete]
Info: Compiling hello_world.c to obj/default/hello_world.o
nios2-elf-gcc -xc -MP -MMD -c -I../MTL2_bsp//HAL/inc -I../MTL2_bsp/ -I../MTL2_bsp//drivers/inc  -pipe -D__hal__ -DALT_NO_INSTRUCTION_EMULATION -DALT_SINGLE_THREADED    -O2 -g -Wall   -mno-hw-div -mno-hw-mul -mno-hw-mulx -mgpopt=global  -o obj/default/hello_world.o hello_world.c
Info: Linking MTL2.elf
nios2-elf-g++  -T'../MTL2_bsp//linker.x' -msys-crt0='../MTL2_bsp//obj/HAL/src/crt0.o' -msys-lib=hal_bsp -L../MTL2_bsp/   -Wl,-Map=MTL2.map   -O2 -g -Wall   -mno-hw-div -mno-hw-mul -mno-hw-mulx -mgpopt=global  -o MTL2.elf obj/default/hello_world.o -lm -msys-lib=m
nios2-elf-insert MTL2.elf --thread_model hal --cpu_name NIOSII --qsys true --simulation_enabled false --stderr_dev JTAG_UART --stdin_dev JTAG_UART --stdout_dev JTAG_UART --sopc_system_name MTL2 --quartus_project_dir "C:/Users/katharsis/Documents/GitHub/CE1113-Proyecto2/MTL2" --jdi ../..//output_files/MTL2.jdi --sopcinfo C:/Users/katharsis/Documents/GitHub/CE1113-Proyecto2/MTL2/software/MTL2_bsp/../../MTL2.sopcinfo
Info: (MTL2.elf) 27 KBytes program size (code + initialized data).
Info:            29 KBytes free for stack + heap.
Info: Creating MTL2.objdump
nios2-elf-objdump --disassemble --syms --all-header --source MTL2.elf >MTL2.objdump
[MTL2 build complete]
16:24:28 **** Incremental Build of configuration Nios II for project MTL2 ****
make all 
Info: Building ../MTL2_bsp/
C:/intelFPGA_lite/18.1/nios2eds/bin/gnu/H-x86_64-mingw32/bin/make --no-print-directory -C ../MTL2_bsp/
[BSP build complete]
Info: Compiling hello_world.c to obj/default/hello_world.o
nios2-elf-gcc -xc -MP -MMD -c -I../MTL2_bsp//HAL/inc -I../MTL2_bsp/ -I../MTL2_bsp//drivers/inc  -pipe -D__hal__ -DALT_NO_INSTRUCTION_EMULATION -DALT_SINGLE_THREADED    -O2 -g -Wall   -mno-hw-div -mno-hw-mul -mno-hw-mulx -mgpopt=global  -o obj/default/hello_world.o hello_world.c
Info: Linking MTL2.elf
nios2-elf-g++  -T'../MTL2_bsp//linker.x' -msys-crt0='../MTL2_bsp//obj/HAL/src/crt0.o' -msys-lib=hal_bsp -L../MTL2_bsp/   -Wl,-Map=MTL2.map   -O2 -g -Wall   -mno-hw-div -mno-hw-mul -mno-hw-mulx -mgpopt=global  -o MTL2.elf obj/default/hello_world.o -lm -msys-lib=m
nios2-elf-insert MTL2.elf --thread_model hal --cpu_name NIOSII --qsys true --simulation_enabled false --stderr_dev JTAG_UART --stdin_dev JTAG_UART --stdout_dev JTAG_UART --sopc_system_name MTL2 --quartus_project_dir "C:/Users/katharsis/Documents/GitHub/CE1113-Proyecto2/MTL2" --jdi ../..//output_files/MTL2.jdi --sopcinfo C:/Users/katharsis/Documents/GitHub/CE1113-Proyecto2/MTL2/software/MTL2_bsp/../../MTL2.sopcinfo
Info: (MTL2.elf) 27 KBytes program size (code + initialized data).
Info:            29 KBytes free for stack + heap.
Info: Creating MTL2.objdump
nios2-elf-objdump --disassemble --syms --all-header --source MTL2.elf >MTL2.objdump
[MTL2 build complete]
16:25:49 **** Incremental Build of configuration Nios II for project MTL2 ****
make all 
Info: Building ../MTL2_bsp/
C:/intelFPGA_lite/18.1/nios2eds/bin/gnu/H-x86_64-mingw32/bin/make --no-print-directory -C ../MTL2_bsp/
[BSP build complete]
Info: Compiling hello_world.c to obj/default/hello_world.o
nios2-elf-gcc -xc -MP -MMD -c -I../MTL2_bsp//HAL/inc -I../MTL2_bsp/ -I../MTL2_bsp//drivers/inc  -pipe -D__hal__ -DALT_NO_INSTRUCTION_EMULATION -DALT_SINGLE_THREADED    -O2 -g -Wall   -mno-hw-div -mno-hw-mul -mno-hw-mulx -mgpopt=global  -o obj/default/hello_world.o hello_world.c
Info: Linking MTL2.elf
nios2-elf-g++  -T'../MTL2_bsp//linker.x' -msys-crt0='../MTL2_bsp//obj/HAL/src/crt0.o' -msys-lib=hal_bsp -L../MTL2_bsp/   -Wl,-Map=MTL2.map   -O2 -g -Wall   -mno-hw-div -mno-hw-mul -mno-hw-mulx -mgpopt=global  -o MTL2.elf obj/default/hello_world.o -lm -msys-lib=m
nios2-elf-insert MTL2.elf --thread_model hal --cpu_name NIOSII --qsys true --simulation_enabled false --stderr_dev JTAG_UART --stdin_dev JTAG_UART --stdout_dev JTAG_UART --sopc_system_name MTL2 --quartus_project_dir "C:/Users/katharsis/Documents/GitHub/CE1113-Proyecto2/MTL2" --jdi ../..//output_files/MTL2.jdi --sopcinfo C:/Users/katharsis/Documents/GitHub/CE1113-Proyecto2/MTL2/software/MTL2_bsp/../../MTL2.sopcinfo
Info: (MTL2.elf) 27 KBytes program size (code + initialized data).
Info:            29 KBytes free for stack + heap.
Info: Creating MTL2.objdump
nios2-elf-objdump --disassemble --syms --all-header --source MTL2.elf >MTL2.objdump
[MTL2 build complete]
